15:04:42 **** Incremental Build of configuration Debug for project stm32f4xx_drivers ****
make -j4 all 
Building file: ../drivers/src/stm32f446xx_gpio.c
Invoking: MCU GCC Compiler
D:\Documents\GitHub\OpenSTMWorkspace\stm32f4xx_drivers\Debug
arm-none-eabi-gcc -mcpu=cortex-m4 -mthumb -mfloat-abi=hard -mfpu=fpv4-sp-d16 -DSTM32 -DSTM32F4 -DSTM32F446RETx -DNUCLEO_F446RE -DDEBUG -I"D:/Documents/GitHub/OpenSTMWorkspace/stm32f4xx_drivers/drivers/inc" -O0 -g3 -Wall -fmessage-length=0 -ffunction-sections -c -MMD -MP -MF"drivers/src/stm32f446xx_gpio.d" -MT"drivers/src/stm32f446xx_gpio.o" -o "drivers/src/stm32f446xx_gpio.o" "../drivers/src/stm32f446xx_gpio.c"
../drivers/src/stm32f446xx_gpio.c: In function 'GPIO_ReadInputPin':
../drivers/src/stm32f446xx_gpio.c:156:1: warning: control reaches end of non-void function [-Wreturn-type]
 }
 ^
../drivers/src/stm32f446xx_gpio.c: In function 'GPIO_ReadInputPort':
../drivers/src/stm32f446xx_gpio.c:160:1: warning: control reaches end of non-void function [-Wreturn-type]
 }
 ^
Finished building: ../drivers/src/stm32f446xx_gpio.c
 
Building target: stm32f4xx_drivers.elf
Invoking: MCU GCC Linker
arm-none-eabi-gcc -mcpu=cortex-m4 -mthumb -mfloat-abi=hard -mfpu=fpv4-sp-d16 -T"D:/Documents/GitHub/OpenSTMWorkspace/stm32f4xx_drivers/LinkerScript.ld" -Wl,-Map=output.map -Wl,--gc-sections -o "stm32f4xx_drivers.elf" @"objects.list"   -lm
Finished building target: stm32f4xx_drivers.elf
 
make --no-print-directory post-build
Generating binary and Printing size information:
arm-none-eabi-objcopy -O binary "stm32f4xx_drivers.elf" "stm32f4xx_drivers.bin"
arm-none-eabi-size "stm32f4xx_drivers.elf"
   text	   data	    bss	    dec	    hex	filename
   1000	   1080	   1092	   3172	    c64	stm32f4xx_drivers.elf
 
